---
source: tests/snapshots.rs
expression: output
---
def good_bingus(x: [d, e], y: [e, g]):
  bb0:
    z: {[d, g]} = foo(x, y)
    return z

def foo(x: [a, b], y: [b, c], z: s2) -> [a, c]:
  bb0:
    return x @ y

def car(x: [b, d]) -> [b, d-1]:
  bb0:
    x: {[b, d-1]} = x[:, :-1]
    return x

def baz(x: [h, w]):
  bb0:
    x: {[h, w-1]} = car(x)
    return x

def bar(x: [b, b]):
  bb0:
    z: {[b, b]} = foo(x, x)
    return z

def quz(x: [b, d]):
  bb0:
    y: {[b-1, d]} = x[:-1, :]
    z: {[b, d]} = tar(x, y)
    return z

def tar(x: [b, d], y: [b-1, d]) -> [b, d]:
  bb0:
    return x
